Archive member included to satisfy reference by file (symbol)

C:/ST/STM32CubeIDE_1.19.0/STM32CubeIDE/plugins/com.st.stm32cube.ide.mcu.externaltools.gnu-tools-for-stm32.13.3.rel1.win32_1.0.0.202411081344/tools/bin/../lib/gcc/arm-none-eabi/13.3.1/../../../../arm-none-eabi/lib/thumb/v7-m/nofp\libc_nano.a(libc_a-exit.o)
                              C:/ST/STM32CubeIDE_1.19.0/STM32CubeIDE/plugins/com.st.stm32cube.ide.mcu.externaltools.gnu-tools-for-stm32.13.3.rel1.win32_1.0.0.202411081344/tools/bin/../lib/gcc/arm-none-eabi/13.3.1/../../../../arm-none-eabi/lib/thumb/v7-m/nofp/crt0.o (exit)
C:/ST/STM32CubeIDE_1.19.0/STM32CubeIDE/plugins/com.st.stm32cube.ide.mcu.externaltools.gnu-tools-for-stm32.13.3.rel1.win32_1.0.0.202411081344/tools/bin/../lib/gcc/arm-none-eabi/13.3.1/../../../../arm-none-eabi/lib/thumb/v7-m/nofp\libc_nano.a(libc_a-findfp.o)
                              C:/ST/STM32CubeIDE_1.19.0/STM32CubeIDE/plugins/com.st.stm32cube.ide.mcu.externaltools.gnu-tools-for-stm32.13.3.rel1.win32_1.0.0.202411081344/tools/bin/../lib/gcc/arm-none-eabi/13.3.1/../../../../arm-none-eabi/lib/thumb/v7-m/nofp\libc_nano.a(libc_a-exit.o) (__stdio_exit_handler)
C:/ST/STM32CubeIDE_1.19.0/STM32CubeIDE/plugins/com.st.stm32cube.ide.mcu.externaltools.gnu-tools-for-stm32.13.3.rel1.win32_1.0.0.202411081344/tools/bin/../lib/gcc/arm-none-eabi/13.3.1/../../../../arm-none-eabi/lib/thumb/v7-m/nofp\libc_nano.a(libc_a-fwalk.o)
                              C:/ST/STM32CubeIDE_1.19.0/STM32CubeIDE/plugins/com.st.stm32cube.ide.mcu.externaltools.gnu-tools-for-stm32.13.3.rel1.win32_1.0.0.202411081344/tools/bin/../lib/gcc/arm-none-eabi/13.3.1/../../../../arm-none-eabi/lib/thumb/v7-m/nofp\libc_nano.a(libc_a-findfp.o) (_fwalk_sglue)
C:/ST/STM32CubeIDE_1.19.0/STM32CubeIDE/plugins/com.st.stm32cube.ide.mcu.externaltools.gnu-tools-for-stm32.13.3.rel1.win32_1.0.0.202411081344/tools/bin/../lib/gcc/arm-none-eabi/13.3.1/../../../../arm-none-eabi/lib/thumb/v7-m/nofp\libc_nano.a(libc_a-stdio.o)
                              C:/ST/STM32CubeIDE_1.19.0/STM32CubeIDE/plugins/com.st.stm32cube.ide.mcu.externaltools.gnu-tools-for-stm32.13.3.rel1.win32_1.0.0.202411081344/tools/bin/../lib/gcc/arm-none-eabi/13.3.1/../../../../arm-none-eabi/lib/thumb/v7-m/nofp\libc_nano.a(libc_a-findfp.o) (__sread)
C:/ST/STM32CubeIDE_1.19.0/STM32CubeIDE/plugins/com.st.stm32cube.ide.mcu.externaltools.gnu-tools-for-stm32.13.3.rel1.win32_1.0.0.202411081344/tools/bin/../lib/gcc/arm-none-eabi/13.3.1/../../../../arm-none-eabi/lib/thumb/v7-m/nofp\libc_nano.a(libc_a-memset.o)
                              C:/ST/STM32CubeIDE_1.19.0/STM32CubeIDE/plugins/com.st.stm32cube.ide.mcu.externaltools.gnu-tools-for-stm32.13.3.rel1.win32_1.0.0.202411081344/tools/bin/../lib/gcc/arm-none-eabi/13.3.1/../../../../arm-none-eabi/lib/thumb/v7-m/nofp/crt0.o (memset)
C:/ST/STM32CubeIDE_1.19.0/STM32CubeIDE/plugins/com.st.stm32cube.ide.mcu.externaltools.gnu-tools-for-stm32.13.3.rel1.win32_1.0.0.202411081344/tools/bin/../lib/gcc/arm-none-eabi/13.3.1/../../../../arm-none-eabi/lib/thumb/v7-m/nofp\libc_nano.a(libc_a-closer.o)
                              C:/ST/STM32CubeIDE_1.19.0/STM32CubeIDE/plugins/com.st.stm32cube.ide.mcu.externaltools.gnu-tools-for-stm32.13.3.rel1.win32_1.0.0.202411081344/tools/bin/../lib/gcc/arm-none-eabi/13.3.1/../../../../arm-none-eabi/lib/thumb/v7-m/nofp\libc_nano.a(libc_a-stdio.o) (_close_r)
C:/ST/STM32CubeIDE_1.19.0/STM32CubeIDE/plugins/com.st.stm32cube.ide.mcu.externaltools.gnu-tools-for-stm32.13.3.rel1.win32_1.0.0.202411081344/tools/bin/../lib/gcc/arm-none-eabi/13.3.1/../../../../arm-none-eabi/lib/thumb/v7-m/nofp\libc_nano.a(libc_a-reent.o)
                              C:/ST/STM32CubeIDE_1.19.0/STM32CubeIDE/plugins/com.st.stm32cube.ide.mcu.externaltools.gnu-tools-for-stm32.13.3.rel1.win32_1.0.0.202411081344/tools/bin/../lib/gcc/arm-none-eabi/13.3.1/../../../../arm-none-eabi/lib/thumb/v7-m/nofp\libc_nano.a(libc_a-closer.o) (errno)
C:/ST/STM32CubeIDE_1.19.0/STM32CubeIDE/plugins/com.st.stm32cube.ide.mcu.externaltools.gnu-tools-for-stm32.13.3.rel1.win32_1.0.0.202411081344/tools/bin/../lib/gcc/arm-none-eabi/13.3.1/../../../../arm-none-eabi/lib/thumb/v7-m/nofp\libc_nano.a(libc_a-impure.o)
                              C:/ST/STM32CubeIDE_1.19.0/STM32CubeIDE/plugins/com.st.stm32cube.ide.mcu.externaltools.gnu-tools-for-stm32.13.3.rel1.win32_1.0.0.202411081344/tools/bin/../lib/gcc/arm-none-eabi/13.3.1/../../../../arm-none-eabi/lib/thumb/v7-m/nofp\libc_nano.a(libc_a-reent.o) (_impure_ptr)
C:/ST/STM32CubeIDE_1.19.0/STM32CubeIDE/plugins/com.st.stm32cube.ide.mcu.externaltools.gnu-tools-for-stm32.13.3.rel1.win32_1.0.0.202411081344/tools/bin/../lib/gcc/arm-none-eabi/13.3.1/../../../../arm-none-eabi/lib/thumb/v7-m/nofp\libc_nano.a(libc_a-lseekr.o)
[...]
Memory Configuration

Name             Origin             Length             Attributes
RAM              0x20000000         0x00005000         xrw
FLASH            0x08000000         0x00020000         xr
*default*        0x00000000         0xffffffff

Linker script and memory map

LOAD C:/ST/STM32CubeIDE_1.19.0/STM32CubeIDE/plugins/com.st.stm32cube.ide.mcu.externaltools.gnu-tools-for-stm32.13.3.rel1.win32_1.0.0.202411081344/tools/bin/../lib/gcc/arm-none-eabi/13.3.1/thumb/v7-m/nofp/crti.o
LOAD C:/ST/STM32CubeIDE_1.19.0/STM32CubeIDE/plugins/com.st.stm32cube.ide.mcu.externaltools.gnu-tools-for-stm32.13.3.rel1.win32_1.0.0.202411081344/tools/bin/../lib/gcc/arm-none-eabi/13.3.1/thumb/v7-m/nofp/crtbegin.o
LOAD C:/ST/STM32CubeIDE_1.19.0/STM32CubeIDE/plugins/com.st.stm32cube.ide.mcu.externaltools.gnu-tools-for-stm32.13.3.rel1.win32_1.0.0.202411081344/tools/bin/../lib/gcc/arm-none-eabi/13.3.1/../../../../arm-none-eabi/lib/thumb/v7-m/nofp/crt0.o
LOAD ./Core/Src/main.o
LOAD ./Core/Src/ring_buffer.o
LOAD ./Core/Src/stm32f1xx_hal_msp.o
LOAD ./Core/Src/stm32f1xx_it.o
LOAD ./Core/Src/syscalls.o
LOAD ./Core/Src/sysmem.o
LOAD ./Core/Src/system_stm32f1xx.o
LOAD ./Core/Src/usart.o
LOAD ./Core/Startup/startup_stm32f103rbtx.o
LOAD ./Drivers/STM32F1xx_HAL_Driver/Src/stm32f1xx_hal.o
LOAD ./Drivers/STM32F1xx_HAL_Driver/Src/stm32f1xx_hal_cortex.o
LOAD ./Drivers/STM32F1xx_HAL_Driver/Src/stm32f1xx_hal_dma.o
LOAD ./Drivers/STM32F1xx_HAL_Driver/Src/stm32f1xx_hal_exti.o
LOAD ./Drivers/STM32F1xx_HAL_Driver/Src/stm32f1xx_hal_flash.o
LOAD ./Drivers/STM32F1xx_HAL_Driver/Src/stm32f1xx_hal_flash_ex.o
LOAD ./Drivers/STM32F1xx_HAL_Driver/Src/stm32f1xx_hal_gpio.o
LOAD ./Drivers/STM32F1xx_HAL_Driver/Src/stm32f1xx_hal_gpio_ex.o
LOAD ./Drivers/STM32F1xx_HAL_Driver/Src/stm32f1xx_hal_pwr.o
LOAD ./Drivers/STM32F1xx_HAL_Driver/Src/stm32f1xx_hal_rcc.o
LOAD ./Drivers/STM32F1xx_HAL_Driver/Src/stm32f1xx_hal_rcc_ex.o
LOAD ./Drivers/STM32F1xx_HAL_Driver/Src/stm32f1xx_ll_dma.o
LOAD ./Drivers/STM32F1xx_HAL_Driver/Src/stm32f1xx_ll_exti.o
LOAD ./Drivers/STM32F1xx_HAL_Driver/Src/stm32f1xx_ll_gpio.o
LOAD ./Drivers/STM32F1xx_HAL_Driver/Src/stm32f1xx_ll_rcc.o
LOAD ./Drivers/STM32F1xx_HAL_Driver/Src/stm32f1xx_ll_usart.o
LOAD ./Drivers/STM32F1xx_HAL_Driver/Src/stm32f1xx_ll_utils.o
START GROUP
LOAD C:/ST/STM32CubeIDE_1.19.0/STM32CubeIDE/plugins/com.st.stm32cube.ide.mcu.externaltools.gnu-tools-for-stm32.13.3.rel1.win32_1.0.0.202411081344/tools/bin/../lib/gcc/arm-none-eabi/13.3.1/../../../../arm-none-eabi/lib/thumb/v7-m/nofp\libc_nano.a
LOAD C:/ST/STM32CubeIDE_1.19.0/STM32CubeIDE/plugins/com.st.stm32cube.ide.mcu.externaltools.gnu-tools-for-stm32.13.3.rel1.win32_1.0.0.202411081344/tools/bin/../lib/gcc/arm-none-eabi/13.3.1/../../../../arm-none-eabi/lib/thumb/v7-m/nofp\libm.a
END GROUP
START GROUP
LOAD C:/ST/STM32CubeIDE_1.19.0/STM32CubeIDE/plugins/com.st.stm32cube.ide.mcu.externaltools.gnu-tools-for-stm32.13.3.rel1.win32_1.0.0.202411081344/tools/bin/../lib/gcc/arm-none-eabi/13.3.1/thumb/v7-m/nofp\libgcc.a
LOAD C:/ST/STM32CubeIDE_1.19.0/STM32CubeIDE/plugins/com.st.stm32cube.ide.mcu.externaltools.gnu-tools-for-stm32.13.3.rel1.win32_1.0.0.202411081344/tools/bin/../lib/gcc/arm-none-eabi/13.3.1/../../../../arm-none-eabi/lib/thumb/v7-m/nofp\libc_nano.a
END GROUP
START GROUP
LOAD C:/ST/STM32CubeIDE_1.19.0/STM32CubeIDE/plugins/com.st.stm32cube.ide.mcu.externaltools.gnu-tools-for-stm32.13.3.rel1.win32_1.0.0.202411081344/tools/bin/../lib/gcc/arm-none-eabi/13.3.1/thumb/v7-m/nofp\libgcc.a
LOAD C:/ST/STM32CubeIDE_1.19.0/STM32CubeIDE/plugins/com.st.stm32cube.ide.mcu.externaltools.gnu-tools-for-stm32.13.3.rel1.win32_1.0.0.202411081344/tools/bin/../lib/gcc/arm-none-eabi/13.3.1/../../../../arm-none-eabi/lib/thumb/v7-m/nofp\libc_nano.a
LOAD C:/ST/STM32CubeIDE_1.19.0/STM32CubeIDE/plugins/com.st.stm32cube.ide.mcu.externaltools.gnu-tools-for-stm32.13.3.rel1.win32_1.0.0.202411081344/tools/bin/../lib/gcc/arm-none-eabi/13.3.1/../../../../arm-none-eabi/lib/thumb/v7-m/nofp\libnosys.a
END GROUP
START GROUP
LOAD C:/ST/STM32CubeIDE_1.19.0/STM32CubeIDE/plugins/com.st.stm32cube.ide.mcu.externaltools.gnu-tools-for-stm32.13.3.rel1.win32_1.0.0.202411081344/tools/bin/../lib/gcc/arm-none-eabi/13.3.1/thumb/v7-m/nofp\libgcc.a
LOAD C:/ST/STM32CubeIDE_1.19.0/STM32CubeIDE/plugins/com.st.stm32cube.ide.mcu.externaltools.gnu-tools-for-stm32.13.3.rel1.win32_1.0.0.202411081344/tools/bin/../lib/gcc/arm-none-eabi/13.3.1/../../../../arm-none-eabi/lib/thumb/v7-m/nofp\libc_nano.a
LOAD C:/ST/STM32CubeIDE_1.19.0/STM32CubeIDE/plugins/com.st.stm32cube.ide.mcu.externaltools.gnu-tools-for-stm32.13.3.rel1.win32_1.0.0.202411081344/tools/bin/../lib/gcc/arm-none-eabi/13.3.1/../../../../arm-none-eabi/lib/thumb/v7-m/nofp\libnosys.a
END GROUP
LOAD C:/ST/STM32CubeIDE_1.19.0/STM32CubeIDE/plugins/com.st.stm32cube.ide.mcu.externaltools.gnu-tools-for-stm32.13.3.rel1.win32_1.0.0.202411081344/tools/bin/../lib/gcc/arm-none-eabi/13.3.1/thumb/v7-m/nofp/crtend.o
LOAD C:/ST/STM32CubeIDE_1.19.0/STM32CubeIDE/plugins/com.st.stm32cube.ide.mcu.externaltools.gnu-tools-for-stm32.13.3.rel1.win32_1.0.0.202411081344/tools/bin/../lib/gcc/arm-none-eabi/13.3.1/thumb/v7-m/nofp/crtn.o
                0x20005000                        _estack = (ORIGIN (RAM) + LENGTH (RAM))
                0x00000200                        _Min_Heap_Size = 0x200
                0x00000400                        _Min_Stack_Size = 0x400

.isr_vector     0x08000000      0x10c
                0x08000000                        . = ALIGN (0x4)
 *(.isr_vector)
 .isr_vector    0x08000000      0x10c ./Core/Startup/startup_stm32f103rbtx.o
                0x08000000                g_pfnVectors
                0x0800010c                        . = ALIGN (0x4)

.text           0x0800010c     0x1efc
                0x0800010c                        . = ALIGN (0x4)
 *(.text)
 .text          0x0800010c       0x40 C:/ST/STM32CubeIDE_1.19.0/STM32CubeIDE/plugins/com.st.stm32cube.ide.mcu.externaltools.gnu-tools-for-stm32.13.3.rel1.win32_1.0.0.202411081344/tools/bin/../lib/gcc/arm-none-eabi/13.3.1/thumb/v7-m/nofp/crtbegin.o
 .text          0x0800014c       0x10 C:/ST/STM32CubeIDE_1.19.0/STM32CubeIDE/plugins/com.st.stm32cube.ide.mcu.externaltools.gnu-tools-for-stm32.13.3.rel1.win32_1.0.0.202411081344/tools/bin/../lib/gcc/arm-none-eabi/13.3.1/../../../../arm-none-eabi/lib/thumb/v7-m/nofp\libc_nano.a(libc_a-strlen.o)
                0x0800014c                strlen
 *(.text*)
 .text.main     0x0800015c       0x44 ./Core/Src/main.o
                0x0800015c                main
 .text.SystemClock_Config
                0x080001a0       0x82 ./Core/Src/main.o
                0x080001a0                SystemClock_Config
 *fill*         0x08000222        0x2 
 .text.MX_GPIO_Init
                0x08000224       0xdc ./Core/Src/main.o
 .text.Error_Handler
                0x08000300        0xc ./Core/Src/main.o
                0x08000300                Error_Handler
 .text.RingBuffer_Init
                0x0800030c       0x48 ./Core/Src/ring_buffer.o
                0x0800030c                RingBuffer_Init
 .text.RingBuffer_GetChar
                0x08000354       0x6c ./Core/Src/ring_buffer.o
                0x08000354                RingBuffer_GetChar
 .text.RingBuffer_PutChar
                0x080003c0       0x70 ./Core/Src/ring_buffer.o
                0x080003c0                RingBuffer_PutChar
 .text.HAL_MspInit
                0x08000430       0x64 ./Core/Src/stm32f1xx_hal_msp.o
                0x08000430                HAL_MspInit
 .text.NMI_Handler
                0x08000494        0x8 ./Core/Src/stm32f1xx_it.o
                0x08000494                NMI_Handler
 .text.HardFault_Handler
                0x0800049c        0x8 ./Core/Src/stm32f1xx_it.o
                0x0800049c                HardFault_Handler
 .text.MemManage_Handler
                0x080004a4        0x8 ./Core/Src/stm32f1xx_it.o
                0x080004a4                MemManage_Handler
 .text.BusFault_Handler
                0x080004ac        0x8 ./Core/Src/stm32f1xx_it.o
                0x080004ac                BusFault_Handler
 .text.UsageFault_Handler
                0x080004b4        0x8 ./Core/Src/stm32f1xx_it.o
                0x080004b4                UsageFault_Handler
 .text.SVC_Handler
                0x080004bc        0xc ./Core/Src/stm32f1xx_it.o
                0x080004bc                SVC_Handler
 .text.DebugMon_Handler
                0x080004c8        0xc ./Core/Src/stm32f1xx_it.o
                0x080004c8                DebugMon_Handler
 .text.PendSV_Handler
                0x080004d4        0xc ./Core/Src/stm32f1xx_it.o
                0x080004d4                PendSV_Handler
 .text.SysTick_Handler
                0x080004e0        0xc ./Core/Src/stm32f1xx_it.o
                0x080004e0                SysTick_Handler
 .text.EXTI15_10_IRQHandler
                0x080004ec       0x10 ./Core/Src/stm32f1xx_it.o
                0x080004ec                EXTI15_10_IRQHandler
 .text.SystemInit
                0x080004fc        0xc ./Core/Src/system_stm32f1xx.o
                0x080004fc                SystemInit
 .text.__NVIC_GetPriorityGrouping
                0x08000508       0x1c ./Core/Src/usart.o
 .text.__NVIC_EnableIRQ
                0x08000524       0x38 ./Core/Src/usart.o
 .text.__NVIC_SetPriority
                0x0800055c       0x54 ./Core/Src/usart.o
 .text.NVIC_EncodePriority
                0x080005b0       0x64 ./Core/Src/usart.o
 .text.LL_USART_Enable
                0x08000614       0x1e ./Core/Src/usart.o
 .text.LL_USART_ConfigAsyncMode
                0x08000632       0x2a ./Core/Src/usart.o
 .text.LL_USART_IsActiveFlag_RXNE
                0x0800065c       0x24 ./Core/Src/usart.o
 .text.LL_USART_IsActiveFlag_TXE
                0x08000680       0x24 ./Core/Src/usart.o
 .text.LL_USART_EnableIT_RXNE
                0x080006a4       0x44 ./Core/Src/usart.o
 .text.LL_USART_EnableIT_TXE
                0x080006e8       0x44 ./Core/Src/usart.o
 .text.LL_USART_DisableIT_TXE
                0x0800072c       0x44 ./Core/Src/usart.o
 .text.LL_USART_ReceiveData8
                0x08000770       0x18 ./Core/Src/usart.o
 .text.LL_USART_TransmitData8
                0x08000788       0x1c ./Core/Src/usart.o
 .text.LL_APB1_GRP1_EnableClock
                0x080007a4       0x30 ./Core/Src/usart.o
 .text.LL_APB2_GRP1_EnableClock
                0x080007d4       0x30 ./Core/Src/usart.o
 .text.USART_PutChar
                0x08000804       0x38 ./Core/Src/usart.o
                0x08000804                USART_PutChar
 .text.USART_WriteData
                0x0800083c       0x4a ./Core/Src/usart.o
                0x0800083c                USART_WriteData
 .text.USART_WriteString
                0x08000886       0x2c ./Core/Src/usart.o
                0x08000886                USART_WriteString
 *fill*         0x080008b2        0x2 
 .text.USART_GetChar
                0x080008b4       0x28 ./Core/Src/usart.o
                0x080008b4                USART_GetChar
 .text.USART_ReadData
                0x080008dc       0x56 ./Core/Src/usart.o
                0x080008dc                USART_ReadData
 *fill*         0x08000932        0x2 
 .text.USART2_IRQHandler
                0x08000934       0x68 ./Core/Src/usart.o
                0x08000934                USART2_IRQHandler
 .text.USART_Init
                0x0800099c      0x104 ./Core/Src/usart.o
                0x0800099c                USART_Init
 .text.Reset_Handler
                0x08000aa0       0x48 ./Core/Startup/startup_stm32f103rbtx.o
                0x08000aa0                Reset_Handler
 .text.Default_Handler
                0x08000ae8        0x2 ./Core/Startup/startup_stm32f103rbtx.o
                0x08000ae8                RTC_Alarm_IRQHandler
                0x08000ae8                EXTI2_IRQHandler
                0x08000ae8                TIM1_CC_IRQHandler
                0x08000ae8                PVD_IRQHandler
                0x08000ae8                EXTI3_IRQHandler
                0x08000ae8                EXTI0_IRQHandler
                0x08000ae8                I2C2_EV_IRQHandler
                0x08000ae8                ADC1_2_IRQHandler
                0x08000ae8                SPI1_IRQHandler
                0x08000ae8                TAMPER_IRQHandler
                0x08000ae8                DMA1_Channel4_IRQHandler
                0x08000ae8                USART3_IRQHandler
                0x08000ae8                RTC_IRQHandler
                0x08000ae8                DMA1_Channel7_IRQHandler
                0x08000ae8                CAN1_RX1_IRQHandler
                0x08000ae8                TIM4_IRQHandler
                0x08000ae8                I2C1_EV_IRQHandler
                0x08000ae8                DMA1_Channel6_IRQHandler
                0x08000ae8                TIM3_IRQHandler
                0x08000ae8                RCC_IRQHandler
                0x08000ae8                TIM1_TRG_COM_IRQHandler
                0x08000ae8                DMA1_Channel1_IRQHandler
                0x08000ae8                Default_Handler
                0x08000ae8                EXTI9_5_IRQHandler
                0x08000ae8                SPI2_IRQHandler
                0x08000ae8                DMA1_Channel5_IRQHandler
                0x08000ae8                EXTI4_IRQHandler
                0x08000ae8                USB_LP_CAN1_RX0_IRQHandler
                0x08000ae8                USB_HP_CAN1_TX_IRQHandler
                0x08000ae8                DMA1_Channel3_IRQHandler
                0x08000ae8                TIM1_UP_IRQHandler
                0x08000ae8                WWDG_IRQHandler
                0x08000ae8                TIM2_IRQHandler
                0x08000ae8                TIM1_BRK_IRQHandler
                0x08000ae8                EXTI1_IRQHandler
                0x08000ae8                I2C2_ER_IRQHandler
                0x08000ae8                DMA1_Channel2_IRQHandler
                0x08000ae8                CAN1_SCE_IRQHandler
                0x08000ae8                FLASH_IRQHandler
                0x08000ae8                USART1_IRQHandler
                0x08000ae8                I2C1_ER_IRQHandler
                0x08000ae8                USBWakeUp_IRQHandler
 *fill*         0x08000aea        0x2 
 .text.HAL_Init
                0x08000aec       0x2c ./Drivers/STM32F1xx_HAL_Driver/Src/stm32f1xx_hal.o
                0x08000aec                HAL_Init
 .text.HAL_InitTick
                0x08000b18       0x60 ./Drivers/STM32F1xx_HAL_Driver/Src/stm32f1xx_hal.o
                0x08000b18                HAL_InitTick
 .text.HAL_IncTick
                0x08000b78       0x24 ./Drivers/STM32F1xx_HAL_Driver/Src/stm32f1xx_hal.o
                0x08000b78                HAL_IncTick
 .text.HAL_GetTick
                0x08000b9c       0x14 ./Drivers/STM32F1xx_HAL_Driver/Src/stm32f1xx_hal.o
                0x08000b9c                HAL_GetTick
 .text.HAL_Delay
                0x08000bb0       0x48 ./Drivers/STM32F1xx_HAL_Driver/Src/stm32f1xx_hal.o
                0x08000bb0                HAL_Delay
 .text.__NVIC_SetPriorityGrouping
                0x08000bf8       0x48 ./Drivers/STM32F1xx_HAL_Driver/Src/stm32f1xx_hal_cortex.o
 .text.__NVIC_GetPriorityGrouping
                0x08000c40       0x1c ./Drivers/STM32F1xx_HAL_Driver/Src/stm32f1xx_hal_cortex.o
 .text.__NVIC_EnableIRQ
                0x08000c5c       0x38 ./Drivers/STM32F1xx_HAL_Driver/Src/stm32f1xx_hal_cortex.o
 .text.__NVIC_SetPriority
                0x08000c94       0x54 ./Drivers/STM32F1xx_HAL_Driver/Src/stm32f1xx_hal_cortex.o
 .text.NVIC_EncodePriority
                0x08000ce8       0x64 ./Drivers/STM32F1xx_HAL_Driver/Src/stm32f1xx_hal_cortex.o
 .text.SysTick_Config
                0x08000d4c       0x44 ./Drivers/STM32F1xx_HAL_Driver/Src/stm32f1xx_hal_cortex.o
 .text.HAL_NVIC_SetPriorityGrouping
                0x08000d90       0x16 ./Drivers/STM32F1xx_HAL_Driver/Src/stm32f1xx_hal_cortex.o
                0x08000d90                HAL_NVIC_SetPriorityGrouping
 .text.HAL_NVIC_SetPriority
                0x08000da6       0x38 ./Drivers/STM32F1xx_HAL_Driver/Src/stm32f1xx_hal_cortex.o
                0x08000da6                HAL_NVIC_SetPriority
 .text.HAL_NVIC_EnableIRQ
                0x08000dde       0x1c ./Drivers/STM32F1xx_HAL_Driver/Src/stm32f1xx_hal_cortex.o
                0x08000dde                HAL_NVIC_EnableIRQ
 .text.HAL_SYSTICK_Config
                0x08000dfa       0x18 ./Drivers/STM32F1xx_HAL_Driver/Src/stm32f1xx_hal_cortex.o
                0x08000dfa                HAL_SYSTICK_Config
 *fill*         0x08000e12        0x2 
 .text.HAL_GPIO_Init
                0x08000e14      0x308 ./Drivers/STM32F1xx_HAL_Driver/Src/stm32f1xx_hal_gpio.o
                0x08000e14                HAL_GPIO_Init
 .text.HAL_GPIO_WritePin
                0x0800111c       0x30 ./Drivers/STM32F1xx_HAL_Driver/Src/stm32f1xx_hal_gpio.o
                0x0800111c                HAL_GPIO_WritePin
 .text.HAL_GPIO_EXTI_IRQHandler
                0x0800114c       0x30 ./Drivers/STM32F1xx_HAL_Driver/Src/stm32f1xx_hal_gpio.o
                0x0800114c                HAL_GPIO_EXTI_IRQHandler
 .text.HAL_GPIO_EXTI_Callback
                0x0800117c       0x14 ./Drivers/STM32F1xx_HAL_Driver/Src/stm32f1xx_hal_gpio.o
                0x0800117c                HAL_GPIO_EXTI_Callback
 .text.HAL_RCC_OscConfig
                0x08001190      0x504 ./Drivers/STM32F1xx_HAL_Driver/Src/stm32f1xx_hal_rcc.o
                0x08001190                HAL_RCC_OscConfig
 .text.HAL_RCC_ClockConfig
                0x08001694      0x1d4 ./Drivers/STM32F1xx_HAL_Driver/Src/stm32f1xx_hal_rcc.o
                0x08001694                HAL_RCC_ClockConfig
 .text.HAL_RCC_GetSysClockFreq
                0x08001868       0xa8 ./Drivers/STM32F1xx_HAL_Driver/Src/stm32f1xx_hal_rcc.o
                0x08001868                HAL_RCC_GetSysClockFreq
 .text.RCC_Delay
                0x08001910       0x3c ./Drivers/STM32F1xx_HAL_Driver/Src/stm32f1xx_hal_rcc.o
 .text.LL_GPIO_SetPinMode
                0x0800194c       0x64 ./Drivers/STM32F1xx_HAL_Driver/Src/stm32f1xx_ll_gpio.o
 .text.LL_GPIO_SetPinSpeed
                0x080019b0       0x64 ./Drivers/STM32F1xx_HAL_Driver/Src/stm32f1xx_ll_gpio.o
 .text.LL_GPIO_SetPinOutputType
                0x08001a14       0x64 ./Drivers/STM32F1xx_HAL_Driver/Src/stm32f1xx_ll_gpio.o
 .text.LL_GPIO_SetPinPull
                0x08001a78       0x44 ./Drivers/STM32F1xx_HAL_Driver/Src/stm32f1xx_ll_gpio.o
 .text.LL_GPIO_Init
                0x08001abc       0xcc ./Drivers/STM32F1xx_HAL_Driver/Src/stm32f1xx_ll_gpio.o
                0x08001abc                LL_GPIO_Init
 .text.LL_RCC_GetSysClkSource
                0x08001b88       0x18 ./Drivers/STM32F1xx_HAL_Driver/Src/stm32f1xx_ll_rcc.o
 .text.LL_RCC_GetAHBPrescaler
                0x08001ba0       0x18 ./Drivers/STM32F1xx_HAL_Driver/Src/stm32f1xx_ll_rcc.o
 .text.LL_RCC_GetAPB1Prescaler
                0x08001bb8       0x18 ./Drivers/STM32F1xx_HAL_Driver/Src/stm32f1xx_ll_rcc.o
 .text.LL_RCC_GetAPB2Prescaler
                0x08001bd0       0x18 ./Drivers/STM32F1xx_HAL_Driver/Src/stm32f1xx_ll_rcc.o
 .text.LL_RCC_PLL_GetMainSource
                0x08001be8       0x18 ./Drivers/STM32F1xx_HAL_Driver/Src/stm32f1xx_ll_rcc.o
 .text.LL_RCC_PLL_GetMultiplicator
                0x08001c00       0x18 ./Drivers/STM32F1xx_HAL_Driver/Src/stm32f1xx_ll_rcc.o
 .text.LL_RCC_PLL_GetPrediv
                0x08001c18       0x1c ./Drivers/STM32F1xx_HAL_Driver/Src/stm32f1xx_ll_rcc.o
 .text.LL_RCC_GetSystemClocksFreq
                0x08001c34       0x4a ./Drivers/STM32F1xx_HAL_Driver/Src/stm32f1xx_ll_rcc.o
                0x08001c34                LL_RCC_GetSystemClocksFreq
 *fill*         0x08001c7e        0x2 
 .text.RCC_GetSystemClockFreq
                0x08001c80       0x4c ./Drivers/STM32F1xx_HAL_Driver/Src/stm32f1xx_ll_rcc.o
                0x08001c80                RCC_GetSystemClockFreq
 .text.RCC_GetHCLKClockFreq
                0x08001ccc       0x2c ./Drivers/STM32F1xx_HAL_Driver/Src/stm32f1xx_ll_rcc.o
                0x08001ccc                RCC_GetHCLKClockFreq
 .text.RCC_GetPCLK1ClockFreq
                0x08001cf8       0x28 ./Drivers/STM32F1xx_HAL_Driver/Src/stm32f1xx_ll_rcc.o
                0x08001cf8                RCC_GetPCLK1ClockFreq
 .text.RCC_GetPCLK2ClockFreq
                0x08001d20       0x28 ./Drivers/STM32F1xx_HAL_Driver/Src/stm32f1xx_ll_rcc.o
                0x08001d20                RCC_GetPCLK2ClockFreq
 .text.RCC_PLL_GetFreqDomain_SYS
                0x08001d48       0x64 ./Drivers/STM32F1xx_HAL_Driver/Src/stm32f1xx_ll_rcc.o
                0x08001d48                RCC_PLL_GetFreqDomain_SYS
 .text.LL_USART_IsEnabled
                0x08001dac       0x26 ./Drivers/STM32F1xx_HAL_Driver/Src/stm32f1xx_ll_usart.o
 .text.LL_USART_SetStopBitsLength
                0x08001dd2       0x24 ./Drivers/STM32F1xx_HAL_Driver/Src/stm32f1xx_ll_usart.o
 .text.LL_USART_SetHWFlowCtrl
                0x08001df6       0x24 ./Drivers/STM32F1xx_HAL_Driver/Src/stm32f1xx_ll_usart.o
 *fill*         0x08001e1a        0x2 
 .text.LL_USART_SetBaudRate
                0x08001e1c       0xbc ./Drivers/STM32F1xx_HAL_Driver/Src/stm32f1xx_ll_usart.o
 .text.LL_USART_Init
                0x08001ed8       0xc0 ./Drivers/STM32F1xx_HAL_Driver/Src/stm32f1xx_ll_usart.o
                0x08001ed8                LL_USART_Init
 .text.memset   0x08001f98       0x10 C:/ST/STM32CubeIDE_1.19.0/STM32CubeIDE/plugins/com.st.stm32cube.ide.mcu.externaltools.gnu-tools-for-stm32.13.3.rel1.win32_1.0.0.202411081344/tools/bin/../lib/gcc/arm-none-eabi/13.3.1/../../../../arm-none-eabi/lib/thumb/v7-m/nofp\libc_nano.a(libc_a-memset.o)
                0x08001f98                memset
 .text.__libc_init_array
                0x08001fa8       0x48 C:/ST/STM32CubeIDE_1.19.0/STM32CubeIDE/plugins/com.st.stm32cube.ide.mcu.externaltools.gnu-tools-for-stm32.13.3.rel1.win32_1.0.0.202411081344/tools/bin/../lib/gcc/arm-none-eabi/13.3.1/../../../../arm-none-eabi/lib/thumb/v7-m/nofp\libc_nano.a(libc_a-init.o)
                0x08001fa8                __libc_init_array
 *(.glue_7)
 .glue_7        0x08001ff0        0x0 linker stubs
 *(.glue_7t)
 .glue_7t       0x08001ff0        0x0 linker stubs
 *(.eh_frame)
 .eh_frame      0x08001ff0        0x0 C:/ST/STM32CubeIDE_1.19.0/STM32CubeIDE/plugins/com.st.stm32cube.ide.mcu.externaltools.gnu-tools-for-stm32.13.3.rel1.win32_1.0.0.202411081344/tools/bin/../lib/gcc/arm-none-eabi/13.3.1/thumb/v7-m/nofp/crtbegin.o
 *(.init)
 .init          0x08001ff0        0x4 C:/ST/STM32CubeIDE_1.19.0/STM32CubeIDE/plugins/com.st.stm32cube.ide.mcu.externaltools.gnu-tools-for-stm32.13.3.rel1.win32_1.0.0.202411081344/tools/bin/../lib/gcc/arm-none-eabi/13.3.1/thumb/v7-m/nofp/crti.o
                0x08001ff0                _init
 .init          0x08001ff4        0x8 C:/ST/STM32CubeIDE_1.19.0/STM32CubeIDE/plugins/com.st.stm32cube.ide.mcu.externaltools.gnu-tools-for-stm32.13.3.rel1.win32_1.0.0.202411081344/tools/bin/../lib/gcc/arm-none-eabi/13.3.1/thumb/v7-m/nofp/crtn.o
 *(.fini)
 .fini          0x08001ffc        0x4 C:/ST/STM32CubeIDE_1.19.0/STM32CubeIDE/plugins/com.st.stm32cube.ide.mcu.externaltools.gnu-tools-for-stm32.13.3.rel1.win32_1.0.0.202411081344/tools/bin/../lib/gcc/arm-none-eabi/13.3.1/thumb/v7-m/nofp/crti.o
                0x08001ffc                _fini
 .fini          0x08002000        0x8 C:/ST/STM32CubeIDE_1.19.0/STM32CubeIDE/plugins/com.st.stm32cube.ide.mcu.externaltools.gnu-tools-for-stm32.13.3.rel1.win32_1.0.0.202411081344/tools/bin/../lib/gcc/arm-none-eabi/13.3.1/thumb/v7-m/nofp/crtn.o
                0x08002008                        . = ALIGN (0x4)
                0x08002008                        _etext = .

.vfp11_veneer   0x08002008        0x0
 .vfp11_veneer  0x08002008        0x0 linker stubs

.v4_bx          0x08002008        0x0
 .v4_bx         0x08002008        0x0 linker stubs

.iplt           0x08002008        0x0
 .iplt          0x08002008        0x0 C:/ST/STM32CubeIDE_1.19.0/STM32CubeIDE/plugins/com.st.stm32cube.ide.mcu.externaltools.gnu-tools-for-stm32.13.3.rel1.win32_1.0.0.202411081344/tools/bin/../lib/gcc/arm-none-eabi/13.3.1/thumb/v7-m/nofp/crtbegin.o

.rodata         0x08002008       0x3c
                0x08002008                        . = ALIGN (0x4)
 *(.rodata)
 .rodata        0x08002008        0xe ./Core/Src/main.o
 *(.rodata*)
 *fill*         0x08002016        0x2 
 .rodata.AHBPrescTable
                0x08002018       0x10 ./Core/Src/system_stm32f1xx.o
                0x08002018                AHBPrescTable
 .rodata.APBPrescTable
                0x08002028        0x8 ./Core/Src/system_stm32f1xx.o
                0x08002028                APBPrescTable
 .rodata.aPLLMULFactorTable.1
                0x08002030       0x10 ./Drivers/STM32F1xx_HAL_Driver/Src/stm32f1xx_hal_rcc.o
 .rodata.aPredivFactorTable.0
                0x08002040        0x2 ./Drivers/STM32F1xx_HAL_Driver/Src/stm32f1xx_hal_rcc.o
                0x08002044                        . = ALIGN (0x4)
 *fill*         0x08002042        0x2 

.ARM.extab      0x08002044        0x0
                0x08002044                        . = ALIGN (0x4)
 *(.ARM.extab* .gnu.linkonce.armextab.*)
                0x08002044                        . = ALIGN (0x4)

.ARM            0x08002044        0x8
                0x08002044                        . = ALIGN (0x4)
                0x08002044                        __exidx_start = .
 *(.ARM.exidx*)
 .ARM.exidx     0x08002044        0x8 C:/ST/STM32CubeIDE_1.19.0/STM32CubeIDE/plugins/com.st.stm32cube.ide.mcu.externaltools.gnu-tools-for-stm32.13.3.rel1.win32_1.0.0.202411081344/tools/bin/../lib/gcc/arm-none-eabi/13.3.1/../../../../arm-none-eabi/lib/thumb/v7-m/nofp\libc_nano.a(libc_a-strlen.o)
                0x0800204c                        __exidx_end = .
                0x0800204c                        . = ALIGN (0x4)

.preinit_array  0x0800204c        0x0
                0x0800204c                        . = ALIGN (0x4)
                0x0800204c                        PROVIDE (__preinit_array_start = .)
 *(.preinit_array*)
                0x0800204c                        PROVIDE (__preinit_array_end = .)
                0x0800204c                        . = ALIGN (0x4)

.init_array     0x0800204c        0x4
                0x0800204c                        . = ALIGN (0x4)
                0x0800204c                        PROVIDE (__init_array_start = .)
 *(SORT_BY_NAME(.init_array.*))
 *(.init_array*)
 .init_array    0x0800204c        0x4 C:/ST/STM32CubeIDE_1.19.0/STM32CubeIDE/plugins/com.st.stm32cube.ide.mcu.externaltools.gnu-tools-for-stm32.13.3.rel1.win32_1.0.0.202411081344/tools/bin/../lib/gcc/arm-none-eabi/13.3.1/thumb/v7-m/nofp/crtbegin.o
                0x08002050                        PROVIDE (__init_array_end = .)
                0x08002050                        . = ALIGN (0x4)

.fini_array     0x08002050        0x4
                0x08002050                        . = ALIGN (0x4)
                [!provide]                        PROVIDE (__fini_array_start = .)
 *(SORT_BY_NAME(.fini_array.*))
 *(.fini_array*)
 .fini_array    0x08002050        0x4 C:/ST/STM32CubeIDE_1.19.0/STM32CubeIDE/plugins/com.st.stm32cube.ide.mcu.externaltools.gnu-tools-for-stm32.13.3.rel1.win32_1.0.0.202411081344/tools/bin/../lib/gcc/arm-none-eabi/13.3.1/thumb/v7-m/nofp/crtbegin.o
                [!provide]                        PROVIDE (__fini_array_end = .)
                0x08002054                        . = ALIGN (0x4)
                0x08002054                        _sidata = LOADADDR (.data)

.rel.dyn        0x08002054        0x0
 .rel.iplt      0x08002054        0x0 C:/ST/STM32CubeIDE_1.19.0/STM32CubeIDE/plugins/com.st.stm32cube.ide.mcu.externaltools.gnu-tools-for-stm32.13.3.rel1.win32_1.0.0.202411081344/tools/bin/../lib/gcc/arm-none-eabi/13.3.1/thumb/v7-m/nofp/crtbegin.o

.data           0x20000000        0xc load address 0x08002054
                0x20000000                        . = ALIGN (0x4)
                0x20000000                        _sdata = .
 *(.data)
 *(.data*)
 .data.SystemCoreClock
                0x20000000        0x4 ./Core/Src/system_stm32f1xx.o
                0x20000000                SystemCoreClock
 .data.uwTickPrio
                0x20000004        0x4 ./Drivers/STM32F1xx_HAL_Driver/Src/stm32f1xx_hal.o
                0x20000004                uwTickPrio
 .data.uwTickFreq
                0x20000008        0x1 ./Drivers/STM32F1xx_HAL_Driver/Src/stm32f1xx_hal.o
                0x20000008                uwTickFreq
 *(.RamFunc)
 *(.RamFunc*)
                0x2000000c                        . = ALIGN (0x4)
 *fill*         0x20000009        0x3 
                0x2000000c                        _edata = .

.igot.plt       0x2000000c        0x0 load address 0x08002060
 .igot.plt      0x2000000c        0x0 C:/ST/STM32CubeIDE_1.19.0/STM32CubeIDE/plugins/com.st.stm32cube.ide.mcu.externaltools.gnu-tools-for-stm32.13.3.rel1.win32_1.0.0.202411081344/tools/bin/../lib/gcc/arm-none-eabi/13.3.1/thumb/v7-m/nofp/crtbegin.o
                0x2000000c                        . = ALIGN (0x4)

.bss            0x2000000c      0x848 load address 0x08002060
                0x2000000c                        _sbss = .
                0x2000000c                        __bss_start__ = _sbss
 *(.bss)
 .bss           0x2000000c       0x1c C:/ST/STM32CubeIDE_1.19.0/STM32CubeIDE/plugins/com.st.stm32cube.ide.mcu.externaltools.gnu-tools-for-stm32.13.3.rel1.win32_1.0.0.202411081344/tools/bin/../lib/gcc/arm-none-eabi/13.3.1/thumb/v7-m/nofp/crtbegin.o
 *(.bss*)
 .bss.USART_RingBuffer_Tx
                0x20000028       0x14 ./Core/Src/usart.o
 .bss.RingBufferData_Tx
                0x2000003c      0x400 ./Core/Src/usart.o
 .bss.USART_RingBuffer_Rx
                0x2000043c       0x14 ./Core/Src/usart.o
 .bss.RingBufferData_Rx
                0x20000450      0x400 ./Core/Src/usart.o
 .bss.uwTick    0x20000850        0x4 ./Drivers/STM32F1xx_HAL_Driver/Src/stm32f1xx_hal.o
                0x20000850                uwTick
 *(COMMON)
                0x20000854                        . = ALIGN (0x4)
                0x20000854                        _ebss = .
                0x20000854                        __bss_end__ = _ebss

._user_heap_stack
                0x20000854      0x604 load address 0x08002060
                0x20000858                        . = ALIGN (0x8)
 *fill*         0x20000854        0x4 
                [!provide]                        PROVIDE (end = .)
                0x20000858                        PROVIDE (_end = .)
                0x20000a58                        . = (. + _Min_Heap_Size)
 *fill*         0x20000858      0x200 
                0x20000e58                        . = (. + _Min_Stack_Size)
 *fill*         0x20000a58      0x400 
                0x20000e58                        . = ALIGN (0x8)

/DISCARD/
 libc.a(*)
 libm.a(*)
 libgcc.a(*)

.ARM.attributes
                0x00000000       0x29
 *(.ARM.attributes)
 .ARM.attributes
                0x00000000       0x1d C:/ST/STM32CubeIDE_1.19.0/STM32CubeIDE/plugins/com.st.stm32cube.ide.mcu.externaltools.gnu-tools-for-stm32.13.3.rel1.win32_1.0.0.202411081344/tools/bin/../lib/gcc/arm-none-eabi/13.3.1/thumb/v7-m/nofp/crti.o
 .ARM.attributes
                0x0000001d       0x2d C:/ST/STM32CubeIDE_1.19.0/STM32CubeIDE/plugins/com.st.stm32cube.ide.mcu.externaltools.gnu-tools-for-stm32.13.3.rel1.win32_1.0.0.202411081344/tools/bin/../lib/gcc/arm-none-eabi/13.3.1/thumb/v7-m/nofp/crtbegin.o
 .ARM.attributes
                0x0000004a       0x2d ./Core/Src/main.o
 .ARM.attributes
                0x00000077       0x2d ./Core/Src/ring_buffer.o
 .ARM.attributes
                0x000000a4       0x2d ./Core/Src/stm32f1xx_hal_msp.o
 .ARM.attributes
                0x000000d1       0x2d ./Core/Src/stm32f1xx_it.o
 .ARM.attributes
                0x000000fe       0x2d ./Core/Src/system_stm32f1xx.o
 .ARM.attributes
                0x0000012b       0x2d ./Core/Src/usart.o
 .ARM.attributes
                0x00000158       0x21 ./Core/Startup/startup_stm32f103rbtx.o
 .ARM.attributes
                0x00000179       0x2d ./Drivers/STM32F1xx_HAL_Driver/Src/stm32f1xx_hal.o
 .ARM.attributes
                0x000001a6       0x2d ./Drivers/STM32F1xx_HAL_Driver/Src/stm32f1xx_hal_cortex.o
 .ARM.attributes
                0x000001d3       0x2d ./Drivers/STM32F1xx_HAL_Driver/Src/stm32f1xx_hal_gpio.o
 .ARM.attributes
                0x00000200       0x2d ./Drivers/STM32F1xx_HAL_Driver/Src/stm32f1xx_hal_rcc.o
 .ARM.attributes
                0x0000022d       0x2d ./Drivers/STM32F1xx_HAL_Driver/Src/stm32f1xx_ll_gpio.o
 .ARM.attributes
                0x0000025a       0x2d ./Drivers/STM32F1xx_HAL_Driver/Src/stm32f1xx_ll_rcc.o
 .ARM.attributes
                0x00000287       0x2d ./Drivers/STM32F1xx_HAL_Driver/Src/stm32f1xx_ll_usart.o
 .ARM.attributes
                0x000002b4       0x2d C:/ST/STM32CubeIDE_1.19.0/STM32CubeIDE/plugins/com.st.stm32cube.ide.mcu.externaltools.gnu-tools-for-stm32.13.3.rel1.win32_1.0.0.202411081344/tools/bin/../lib/gcc/arm-none-eabi/13.3.1/../../../../arm-none-eabi/lib/thumb/v7-m/nofp\libc_nano.a(libc_a-memset.o)
 .ARM.attributes
                0x000002e1       0x2d C:/ST/STM32CubeIDE_1.19.0/STM32CubeIDE/plugins/com.st.stm32cube.ide.mcu.externaltools.gnu-tools-for-stm32.13.3.rel1.win32_1.0.0.202411081344/tools/bin/../lib/gcc/arm-none-eabi/13.3.1/../../../../arm-none-eabi/lib/thumb/v7-m/nofp\libc_nano.a(libc_a-init.o)
 .ARM.attributes
                0x0000030e       0x17 C:/ST/STM32CubeIDE_1.19.0/STM32CubeIDE/plugins/com.st.stm32cube.ide.mcu.externaltools.gnu-tools-for-stm32.13.3.rel1.win32_1.0.0.202411081344/tools/bin/../lib/gcc/arm-none-eabi/13.3.1/../../../../arm-none-eabi/lib/thumb/v7-m/nofp\libc_nano.a(libc_a-strlen.o)
 .ARM.attributes
                0x00000325       0x1d C:/ST/STM32CubeIDE_1.19.0/STM32CubeIDE/plugins/com.st.stm32cube.ide.mcu.externaltools.gnu-tools-for-stm32.13.3.rel1.win32_1.0.0.202411081344/tools/bin/../lib/gcc/arm-none-eabi/13.3.1/thumb/v7-m/nofp/crtn.o
OUTPUT(USART_Driver.elf elf32-littlearm)
LOAD linker stubs
LOAD C:/ST/STM32CubeIDE_1.19.0/STM32CubeIDE/plugins/com.st.stm32cube.ide.mcu.externaltools.gnu-tools-for-stm32.13.3.rel1.win32_1.0.0.202411081344/tools/bin/../lib/gcc/arm-none-eabi/13.3.1/../../../../arm-none-eabi/lib/thumb/v7-m/nofp\libc.a
LOAD C:/ST/STM32CubeIDE_1.19.0/STM32CubeIDE/plugins/com.st.stm32cube.ide.mcu.externaltools.gnu-tools-for-stm32.13.3.rel1.win32_1.0.0.202411081344/tools/bin/../lib/gcc/arm-none-eabi/13.3.1/../../../../arm-none-eabi/lib/thumb/v7-m/nofp\libm.a
LOAD C:/ST/STM32CubeIDE_1.19.0/STM32CubeIDE/plugins/com.st.stm32cube.ide.mcu.externaltools.gnu-tools-for-stm32.13.3.rel1.win32_1.0.0.202411081344/tools/bin/../lib/gcc/arm-none-eabi/13.3.1/thumb/v7-m/nofp\libgcc.a

.debug_info     0x00000000     0x4ec3
 .debug_info    0x00000000      0x756 ./Core/Src/main.o
 .debug_info    0x00000756      0x231 ./Core/Src/ring_buffer.o
 .debug_info    0x00000987      0x23b ./Core/Src/stm32f1xx_hal_msp.o
 .debug_info    0x00000bc2      0x18f ./Core/Src/stm32f1xx_it.o
 .debug_info    0x00000d51      0x222 ./Core/Src/system_stm32f1xx.o
 .debug_info    0x00000f73      0xf59 ./Core/Src/usart.o
 .debug_info    0x00001ecc       0x30 ./Core/Startup/startup_stm32f103rbtx.o
 .debug_info    0x00001efc      0x704 ./Drivers/STM32F1xx_HAL_Driver/Src/stm32f1xx_hal.o
 .debug_info    0x00002600      0xa87 ./Drivers/STM32F1xx_HAL_Driver/Src/stm32f1xx_hal_cortex.o
 .debug_info    0x00003087      0x5ab ./Drivers/STM32F1xx_HAL_Driver/Src/stm32f1xx_hal_gpio.o
 .debug_info    0x00003632      0x7d5 ./Drivers/STM32F1xx_HAL_Driver/Src/stm32f1xx_hal_rcc.o
 .debug_info    0x00003e07      0x5a1 ./Drivers/STM32F1xx_HAL_Driver/Src/stm32f1xx_ll_gpio.o
 .debug_info    0x000043a8      0x552 ./Drivers/STM32F1xx_HAL_Driver/Src/stm32f1xx_ll_rcc.o
 .debug_info    0x000048fa      0x5c9 ./Drivers/STM32F1xx_HAL_Driver/Src/stm32f1xx_ll_usart.o

.debug_abbrev   0x00000000     0x193e
 .debug_abbrev  0x00000000      0x263 ./Core/Src/main.o
 .debug_abbrev  0x00000263       0xe4 ./Core/Src/ring_buffer.o
 .debug_abbrev  0x00000347       0xe0 ./Core/Src/stm32f1xx_hal_msp.o
 .debug_abbrev  0x00000427       0xca ./Core/Src/stm32f1xx_it.o
 .debug_abbrev  0x000004f1      0x13f ./Core/Src/system_stm32f1xx.o
 .debug_abbrev  0x00000630      0x32d ./Core/Src/usart.o
 .debug_abbrev  0x0000095d       0x24 ./Core/Startup/startup_stm32f103rbtx.o
 .debug_abbrev  0x00000981      0x201 ./Drivers/STM32F1xx_HAL_Driver/Src/stm32f1xx_hal.o
 .debug_abbrev  0x00000b82      0x2f8 ./Drivers/STM32F1xx_HAL_Driver/Src/stm32f1xx_hal_cortex.o
 .debug_abbrev  0x00000e7a      0x1ca ./Drivers/STM32F1xx_HAL_Driver/Src/stm32f1xx_hal_gpio.o
 .debug_abbrev  0x00001044      0x2b3 ./Drivers/STM32F1xx_HAL_Driver/Src/stm32f1xx_hal_rcc.o
 .debug_abbrev  0x000012f7      0x20d ./Drivers/STM32F1xx_HAL_Driver/Src/stm32f1xx_ll_gpio.o
 .debug_abbrev  0x00001504      0x273 ./Drivers/STM32F1xx_HAL_Driver/Src/stm32f1xx_ll_rcc.o
 .debug_abbrev  0x00001777      0x1c7 ./Drivers/STM32F1xx_HAL_Driver/Src/stm32f1xx_ll_usart.o

.debug_aranges  0x00000000      0x6b0
 .debug_aranges
                0x00000000       0x38 ./Core/Src/main.o
 .debug_aranges
                0x00000038       0x50 ./Core/Src/ring_buffer.o
 .debug_aranges
                0x00000088       0x20 ./Core/Src/stm32f1xx_hal_msp.o
 .debug_aranges
                0x000000a8       0x68 ./Core/Src/stm32f1xx_it.o
 .debug_aranges
                0x00000110       0x28 ./Core/Src/system_stm32f1xx.o
 .debug_aranges
                0x00000138       0xc8 ./Core/Src/usart.o
 .debug_aranges
                0x00000200       0x28 ./Core/Startup/startup_stm32f103rbtx.o
 .debug_aranges
                0x00000228       0xe0 ./Drivers/STM32F1xx_HAL_Driver/Src/stm32f1xx_hal.o
 .debug_aranges
                0x00000308      0x100 ./Drivers/STM32F1xx_HAL_Driver/Src/stm32f1xx_hal_cortex.o
 .debug_aranges
                0x00000408       0x58 ./Drivers/STM32F1xx_HAL_Driver/Src/stm32f1xx_hal_gpio.o
 .debug_aranges
                0x00000460       0x90 ./Drivers/STM32F1xx_HAL_Driver/Src/stm32f1xx_hal_rcc.o
 .debug_aranges
                0x000004f0       0x60 ./Drivers/STM32F1xx_HAL_Driver/Src/stm32f1xx_ll_gpio.o
 .debug_aranges
                0x00000550       0xd8 ./Drivers/STM32F1xx_HAL_Driver/Src/stm32f1xx_ll_rcc.o
 .debug_aranges
                0x00000628       0x88 ./Drivers/STM32F1xx_HAL_Driver/Src/stm32f1xx_ll_usart.o

.debug_rnglists
                0x00000000      0x4cd
 .debug_rnglists
                0x00000000       0x27 ./Core/Src/main.o
 .debug_rnglists
                0x00000027       0x37 ./Core/Src/ring_buffer.o
 .debug_rnglists
                0x0000005e       0x13 ./Core/Src/stm32f1xx_hal_msp.o
 .debug_rnglists
                0x00000071       0x49 ./Core/Src/stm32f1xx_it.o
 .debug_rnglists
                0x000000ba       0x1a ./Core/Src/system_stm32f1xx.o
 .debug_rnglists
                0x000000d4       0x92 ./Core/Src/usart.o
 .debug_rnglists
                0x00000166       0x19 ./Core/Startup/startup_stm32f103rbtx.o
 .debug_rnglists
                0x0000017f       0xa3 ./Drivers/STM32F1xx_HAL_Driver/Src/stm32f1xx_hal.o
 .debug_rnglists
                0x00000222       0xbb ./Drivers/STM32F1xx_HAL_Driver/Src/stm32f1xx_hal_cortex.o
 .debug_rnglists
                0x000002dd       0x3f ./Drivers/STM32F1xx_HAL_Driver/Src/stm32f1xx_hal_gpio.o
 .debug_rnglists
                0x0000031c       0x6c ./Drivers/STM32F1xx_HAL_Driver/Src/stm32f1xx_hal_rcc.o
 .debug_rnglists
                0x00000388       0x45 ./Drivers/STM32F1xx_HAL_Driver/Src/stm32f1xx_ll_gpio.o
 .debug_rnglists
                0x000003cd       0x9d ./Drivers/STM32F1xx_HAL_Driver/Src/stm32f1xx_ll_rcc.o
 .debug_rnglists
                0x0000046a       0x63 ./Drivers/STM32F1xx_HAL_Driver/Src/stm32f1xx_ll_usart.o

.debug_macro    0x00000000    0x17efc
 .debug_macro   0x00000000      0x2d2 ./Core/Src/main.o
 .debug_macro   0x000002d2      0xad2 ./Core/Src/main.o
 .debug_macro   0x00000da4      0x20f ./Core/Src/main.o
 .debug_macro   0x00000fb3       0x2e ./Core/Src/main.o
 .debug_macro   0x00000fe1       0x22 ./Core/Src/main.o
 .debug_macro   0x00001003       0x22 ./Core/Src/main.o
 .debug_macro   0x00001025       0x8e ./Core/Src/main.o
 .debug_macro   0x000010b3       0x51 ./Core/Src/main.o
 .debug_macro   0x00001104      0x103 ./Core/Src/main.o
 .debug_macro   0x00001207       0x6a ./Core/Src/main.o
 .debug_macro   0x00001271      0x1df ./Core/Src/main.o
 .debug_macro   0x00001450       0x1c ./Core/Src/main.o
 .debug_macro   0x0000146c       0x22 ./Core/Src/main.o
 .debug_macro   0x0000148e       0xbd ./Core/Src/main.o
 .debug_macro   0x0000154b      0xd23 ./Core/Src/main.o
 .debug_macro   0x0000226e     0xe09e ./Core/Src/main.o
 .debug_macro   0x0001030c       0x6d ./Core/Src/main.o
 .debug_macro   0x00010379     0x34a2 ./Core/Src/main.o
 .debug_macro   0x0001381b      0x190 ./Core/Src/main.o
 .debug_macro   0x000139ab       0x5c ./Core/Src/main.o
 .debug_macro   0x00013a07      0x5bc ./Core/Src/main.o
 .debug_macro   0x00013fc3      0x289 ./Core/Src/main.o
 .debug_macro   0x0001424c      0x1cb ./Core/Src/main.o
 .debug_macro   0x00014417      0x114 ./Core/Src/main.o
 .debug_macro   0x0001452b      0x1b2 ./Core/Src/main.o
 .debug_macro   0x000146dd       0x27 ./Core/Src/main.o
 .debug_macro   0x00014704      0x136 ./Core/Src/main.o
 .debug_macro   0x0001483a      0x1bc ./Core/Src/main.o
 .debug_macro   0x000149f6       0x34 ./Core/Src/main.o
 .debug_macro   0x00014a2a       0x3c ./Core/Src/main.o
 .debug_macro   0x00014a66       0x57 ./Core/Src/main.o
 .debug_macro   0x00014abd       0x87 ./Core/Src/main.o
 .debug_macro   0x00014b44      0x240 ./Core/Src/main.o
 .debug_macro   0x00014d84      0x140 ./Core/Src/main.o
 .debug_macro   0x00014ec4       0x83 ./Core/Src/main.o
 .debug_macro   0x00014f47      0x1b4 ./Core/Src/main.o
 .debug_macro   0x000150fb      0x2be ./Core/Src/main.o
 .debug_macro   0x000153b9       0xd7 ./Core/Src/main.o
 .debug_macro   0x00015490       0x74 ./Core/Src/main.o
 .debug_macro   0x00015504       0xd0 ./Core/Src/main.o
 .debug_macro   0x000155d4       0x28 ./Core/Src/main.o
 .debug_macro   0x000155fc       0x2a ./Core/Src/main.o
 .debug_macro   0x00015626       0x90 ./Core/Src/main.o
 .debug_macro   0x000156b6      0x287 ./Core/Src/main.o
 .debug_macro   0x0001593d      0x229 ./Core/Src/main.o
 .debug_macro   0x00015b66       0x5e ./Core/Src/main.o
 .debug_macro   0x00015bc4       0x22 ./Core/Src/main.o
 .debug_macro   0x00015be6       0x61 ./Core/Src/main.o
 .debug_macro   0x00015c47       0x24 ./Core/Src/main.o
 .debug_macro   0x00015c6b       0x43 ./Core/Src/main.o
 .debug_macro   0x00015cae       0x34 ./Core/Src/main.o
 .debug_macro   0x00015ce2      0x370 ./Core/Src/main.o
 .debug_macro   0x00016052       0x16 ./Core/Src/main.o
 .debug_macro   0x00016068       0x4a ./Core/Src/main.o
 .debug_macro   0x000160b2       0x34 ./Core/Src/main.o
 .debug_macro   0x000160e6       0x10 ./Core/Src/main.o
 .debug_macro   0x000160f6       0x58 ./Core/Src/main.o
 .debug_macro   0x0001614e       0x8e ./Core/Src/main.o
 .debug_macro   0x000161dc       0x1c ./Core/Src/main.o
 .debug_macro   0x000161f8      0x185 ./Core/Src/main.o
 .debug_macro   0x0001637d       0x10 ./Core/Src/main.o
 .debug_macro   0x0001638d       0x3c ./Core/Src/main.o
 .debug_macro   0x000163c9       0x20 ./Core/Src/main.o
 .debug_macro   0x000163e9       0x2d ./Core/Src/ring_buffer.o
 .debug_macro   0x00016416      0x1ed ./Core/Src/stm32f1xx_hal_msp.o
 .debug_macro   0x00016603      0x1f7 ./Core/Src/stm32f1xx_it.o
 .debug_macro   0x000167fa      0x184 ./Core/Src/system_stm32f1xx.o
 .debug_macro   0x0001697e      0x2ec ./Core/Src/usart.o
 .debug_macro   0x00016c6a      0x1a8 ./Drivers/STM32F1xx_HAL_Driver/Src/stm32f1xx_hal.o
 .debug_macro   0x00016e12      0x184 ./Drivers/STM32F1xx_HAL_Driver/Src/stm32f1xx_hal_cortex.o
 .debug_macro   0x00016f96      0x1ef ./Drivers/STM32F1xx_HAL_Driver/Src/stm32f1xx_hal_gpio.o
 .debug_macro   0x00017185      0x196 ./Drivers/STM32F1xx_HAL_Driver/Src/stm32f1xx_hal_rcc.o
 .debug_macro   0x0001731b      0x1c0 ./Drivers/STM32F1xx_HAL_Driver/Src/stm32f1xx_ll_gpio.o
 .debug_macro   0x000174db      0x223 ./Drivers/STM32F1xx_HAL_Driver/Src/stm32f1xx_ll_gpio.o
 .debug_macro   0x000176fe      0x1a5 ./Drivers/STM32F1xx_HAL_Driver/Src/stm32f1xx_ll_rcc.o
 .debug_macro   0x000178a3      0x2b8 ./Drivers/STM32F1xx_HAL_Driver/Src/stm32f1xx_ll_rcc.o
 .debug_macro   0x00017b5b      0x1f3 ./Drivers/STM32F1xx_HAL_Driver/Src/stm32f1xx_ll_usart.o
 .debug_macro   0x00017d4e      0x1ae ./Drivers/STM32F1xx_HAL_Driver/Src/stm32f1xx_ll_usart.o

.debug_line     0x00000000     0x7aac
 .debug_line    0x00000000      0x9c5 ./Core/Src/main.o
 .debug_line    0x000009c5      0x291 ./Core/Src/ring_buffer.o
 .debug_line    0x00000c56      0x79c ./Core/Src/stm32f1xx_hal_msp.o
 .debug_line    0x000013f2      0x862 ./Core/Src/stm32f1xx_it.o
 .debug_line    0x00001c54      0x732 ./Core/Src/system_stm32f1xx.o
 .debug_line    0x00002386      0xd3b ./Core/Src/usart.o
 .debug_line    0x000030c1       0x78 ./Core/Startup/startup_stm32f103rbtx.o
 .debug_line    0x00003139      0x963 ./Drivers/STM32F1xx_HAL_Driver/Src/stm32f1xx_hal.o
 .debug_line    0x00003a9c      0xb2d ./Drivers/STM32F1xx_HAL_Driver/Src/stm32f1xx_hal_cortex.o
 .debug_line    0x000045c9      0x9c0 ./Drivers/STM32F1xx_HAL_Driver/Src/stm32f1xx_hal_gpio.o
 .debug_line    0x00004f89      0xe1c ./Drivers/STM32F1xx_HAL_Driver/Src/stm32f1xx_hal_rcc.o
 .debug_line    0x00005da5      0x974 ./Drivers/STM32F1xx_HAL_Driver/Src/stm32f1xx_ll_gpio.o
 .debug_line    0x00006719      0xaa3 ./Drivers/STM32F1xx_HAL_Driver/Src/stm32f1xx_ll_rcc.o
 .debug_line    0x000071bc      0x8f0 ./Drivers/STM32F1xx_HAL_Driver/Src/stm32f1xx_ll_usart.o

.debug_str      0x00000000    0x85514
 .debug_str     0x00000000    0x85514 ./Core/Src/main.o
                              0x83985 (size before relaxing)
 .debug_str     0x00085514     0x3317 ./Core/Src/ring_buffer.o
 .debug_str     0x00085514    0x801df ./Core/Src/stm32f1xx_hal_msp.o
 .debug_str     0x00085514    0x80236 ./Core/Src/stm32f1xx_it.o
 .debug_str     0x00085514    0x7ae29 ./Core/Src/system_stm32f1xx.o
 .debug_str     0x00085514    0x83c24 ./Core/Src/usart.o
 .debug_str     0x00085514       0x87 ./Core/Startup/startup_stm32f103rbtx.o
 .debug_str     0x00085514    0x7b55c ./Drivers/STM32F1xx_HAL_Driver/Src/stm32f1xx_hal.o
 .debug_str     0x00085514    0x7b4a8 ./Drivers/STM32F1xx_HAL_Driver/Src/stm32f1xx_hal_cortex.o
 .debug_str     0x00085514    0x7b1af ./Drivers/STM32F1xx_HAL_Driver/Src/stm32f1xx_hal_gpio.o
 .debug_str     0x00085514    0x7b258 ./Drivers/STM32F1xx_HAL_Driver/Src/stm32f1xx_hal_rcc.o
 .debug_str     0x00085514    0x7c74e ./Drivers/STM32F1xx_HAL_Driver/Src/stm32f1xx_ll_gpio.o
 .debug_str     0x00085514    0x7c2d5 ./Drivers/STM32F1xx_HAL_Driver/Src/stm32f1xx_ll_rcc.o
 .debug_str     0x00085514    0x7db56 ./Drivers/STM32F1xx_HAL_Driver/Src/stm32f1xx_ll_usart.o

.comment        0x00000000       0x43
 .comment       0x00000000       0x43 ./Core/Src/main.o
                                 0x44 (size before relaxing)
 .comment       0x00000043       0x44 ./Core/Src/ring_buffer.o
 .comment       0x00000043       0x44 ./Core/Src/stm32f1xx_hal_msp.o
 .comment       0x00000043       0x44 ./Core/Src/stm32f1xx_it.o
 .comment       0x00000043       0x44 ./Core/Src/system_stm32f1xx.o
 .comment       0x00000043       0x44 ./Core/Src/usart.o
 .comment       0x00000043       0x44 ./Drivers/STM32F1xx_HAL_Driver/Src/stm32f1xx_hal.o
 .comment       0x00000043       0x44 ./Drivers/STM32F1xx_HAL_Driver/Src/stm32f1xx_hal_cortex.o
 .comment       0x00000043       0x44 ./Drivers/STM32F1xx_HAL_Driver/Src/stm32f1xx_hal_gpio.o
 .comment       0x00000043       0x44 ./Drivers/STM32F1xx_HAL_Driver/Src/stm32f1xx_hal_rcc.o
 .comment       0x00000043       0x44 ./Drivers/STM32F1xx_HAL_Driver/Src/stm32f1xx_ll_gpio.o
 .comment       0x00000043       0x44 ./Drivers/STM32F1xx_HAL_Driver/Src/stm32f1xx_ll_rcc.o
 .comment       0x00000043       0x44 ./Drivers/STM32F1xx_HAL_Driver/Src/stm32f1xx_ll_usart.o

.debug_frame    0x00000000     0x18c0
 .debug_frame   0x00000000       0x90 ./Core/Src/main.o
 .debug_frame   0x00000090      0x128 ./Core/Src/ring_buffer.o
 .debug_frame   0x000001b8       0x38 ./Core/Src/stm32f1xx_hal_msp.o
 .debug_frame   0x000001f0      0x120 ./Core/Src/stm32f1xx_it.o
 .debug_frame   0x00000310       0x58 ./Core/Src/system_stm32f1xx.o
 .debug_frame   0x00000368      0x35c ./Core/Src/usart.o
 .debug_frame   0x000006c4      0x334 ./Drivers/STM32F1xx_HAL_Driver/Src/stm32f1xx_hal.o
 .debug_frame   0x000009f8      0x428 ./Drivers/STM32F1xx_HAL_Driver/Src/stm32f1xx_hal_cortex.o
 .debug_frame   0x00000e20      0x14c ./Drivers/STM32F1xx_HAL_Driver/Src/stm32f1xx_hal_gpio.o
 .debug_frame   0x00000f6c      0x218 ./Drivers/STM32F1xx_HAL_Driver/Src/stm32f1xx_hal_rcc.o
 .debug_frame   0x00001184      0x170 ./Drivers/STM32F1xx_HAL_Driver/Src/stm32f1xx_ll_gpio.o
 .debug_frame   0x000012f4      0x34c ./Drivers/STM32F1xx_HAL_Driver/Src/stm32f1xx_ll_rcc.o
 .debug_frame   0x00001640      0x234 ./Drivers/STM32F1xx_HAL_Driver/Src/stm32f1xx_ll_usart.o
 .debug_frame   0x00001874       0x20 C:/ST/STM32CubeIDE_1.19.0/STM32CubeIDE/plugins/com.st.stm32cube.ide.mcu.externaltools.gnu-tools-for-stm32.13.3.rel1.win32_1.0.0.202411081344/tools/bin/../lib/gcc/arm-none-eabi/13.3.1/../../../../arm-none-eabi/lib/thumb/v7-m/nofp\libc_nano.a(libc_a-memset.o)
 .debug_frame   0x00001894       0x2c C:/ST/STM32CubeIDE_1.19.0/STM32CubeIDE/plugins/com.st.stm32cube.ide.mcu.externaltools.gnu-tools-for-stm32.13.3.rel1.win32_1.0.0.202411081344/tools/bin/../lib/gcc/arm-none-eabi/13.3.1/../../../../arm-none-eabi/lib/thumb/v7-m/nofp\libc_nano.a(libc_a-init.o)

.debug_line_str
                0x00000000       0x6b
 .debug_line_str
                0x00000000       0x6b ./Core/Startup/startup_stm32f103rbtx.o
