19:06:43 **** Incremental Build of configuration Debug for project USART_Driver ****
make -j8 all 
arm-none-eabi-gcc "../Core/Src/main.c" -mcpu=cortex-m3 -std=gnu11 -g3 -DDEBUG -DUSE_FULL_LL_DRIVER -DUSE_HAL_DRIVER -DSTM32F103xB -c -I../Core/Inc -I../Drivers/STM32F1xx_HAL_Driver/Inc -I../Drivers/STM32F1xx_HAL_Driver/Inc/Legacy -I../Drivers/CMSIS/Device/ST/STM32F1xx/Include -I../Drivers/CMSIS/Include -O0 -ffunction-sections -fdata-sections -Wall -fstack-usage -fcyclomatic-complexity -MMD -MP -MF"Core/Src/main.d" -MT"Core/Src/main.o" --specs=nano.specs -mfloat-abi=soft -mthumb -o "Core/Src/main.o"
arm-none-eabi-gcc -o "USART_Driver.elf" @"objects.list"   -mcpu=cortex-m3 -T"C:\Users\kotk2\Desktop\coding\Embedded\Embedded\USART_Driver\STM32F103RBTX_FLASH.ld" --specs=nosys.specs -Wl,-Map="USART_Driver.map" -Wl,--gc-sections -static --specs=nano.specs -mfloat-abi=soft -mthumb -Wl,--start-group -lc -lm -Wl,--end-group
Finished building target: USART_Driver.elf
 
arm-none-eabi-size  USART_Driver.elf 
arm-none-eabi-objdump -h -S USART_Driver.elf  > "USART_Driver.list"
   text	   data	    bss	    dec	    hex	filename
   8276	     12	   3660	  11948	   2eac	USART_Driver.elf
Finished building: default.size.stdout
 
Finished building: USART_Driver.list
 
19:07:29 **** Incremental Build of configuration Debug for project USART_Driver ****
make -j8 all 
arm-none-eabi-size  USART_Driver.elf 
   text	   data	    bss	    dec	    hex	filename
   8276	     12	   3660	  11948	   2eac	USART_Driver.elf
Finished building: default.size.stdout
 
